Microchip MPLAB XC8 Compiler V2.36

Linker command line:

-W-3 --edf=C:\Program Files\Microchip\xc8\v2.36\pic\dat\en_msgs.txt -cn \
  -h+dist/default/production\Cerradura_final.X.production.sym \
  --cmf=dist/default/production\Cerradura_final.X.production.cmf -z \
  -Q16F887 -oC:\Users\lauso\AppData\Local\Temp\xcAse6c.4 \
  --defsym=__MPLAB_BUILD=1 \
  -Mdist/default/production/Cerradura_final.X.production.map \
  --md=C:\Users\lauso\AppData\Local\Temp\xcAse6c.dat -E1 -ver=XC8 Compiler \
  --acfsm=1493 -ACODE=00h-07FFhx4 -ASTRCODE=00h-01FFFh -ASTRING=00h-0FFhx32 \
  -ACONST=00h-0FFhx32 -AENTRY=00h-0FFhx32 -ACOMMON=070h-07Fh \
  -ABANK0=020h-06Fh -ABANK1=0A0h-0EFh -ABANK2=0110h-016Fh \
  -ABANK3=0190h-01EFh -ARAM=020h-06Fh,0A0h-0EFh,0110h-016Fh,0190h-01EFh \
  -AABS1=020h-07Fh,0A0h-0EFh,0110h-016Fh,0190h-01EFh -ASFR0=00h-01Fh \
  -ASFR1=080h-09Fh -ASFR2=0100h-010Fh -ASFR3=0180h-018Fh \
  -ACONFIG=02007h-02008h -DCONFIG=2 -AIDLOC=02000h-02003h -DIDLOC=2 \
  -AEEDATA=00h-0FFh/02100h -peeprom_data=EEDATA -DEEDATA=2 -DCODE=2 \
  -DSTRCODE=2 -DSTRING=2 -DCONST=2 -DENTRY=2 \
  -preset_vec=00h,intentry,init,end_init -ppowerup=CODE -pcinit=CODE \
  -pfunctab=ENTRY -k C:\Users\lauso\AppData\Local\Temp\xcAse6c.o \
  dist/default/production\Cerradura_final.X.production.o 

Object code version is 3.11

Machine type is 16F887



                Name                               Link     Load   Length Selector   Space Scale
C:\Users\lauso\AppData\Local\Temp\xcAse6c.o
                end_init                              0        0        3        0       0
                config                             2007     2007        2        0       4
dist/default/production\Cerradura_final.X.production.o
                cinit                               7E7      7E7       19      FCE       0
                config                             2007     2007        2        0       4
                text21                               82       82       22      104       0
                text20                              F91      F91       1A     1F22       0
                text19                              F51      F51        D     1EA2       0
                text18                              1E2      1E2       52      3C4       0
                text17                               A4       A4       37      148       0
                text16                              FD0      FD0       30     1FA0       0
                text15                              291      291       65      522       0
                text14                              234      234       5D      468       0
                text13                              2F6      2F6       A2      5EC       0
                text12                              FAB      FAB       25     1F56       0
                text11                              F3D      F3D        4     1E7A       0
                text10                              F5E      F5E        D     1EBC       0
                text9                               F6B      F6B        D     1ED6       0
                text8                               193      193       4F      326       0
                text7                               F41      F41        4     1E82       0
                text6                               F45      F45        4     1E8A       0
                text5                               F78      F78       19     1EF0       0
                text4                               14F      14F       44      29E       0
                text3                                DB       DB       3A      1B6       0
                text2                               398      398       E8      730       0
                text1                               115      115       3A      22A       0
                maintext                            480      480      367      900       0
                cstackBANK0                          20       20       29       20       1
                cstackCOMMON                         70       70        E       70       1
                clrtext                             F49      F49        8     1E92       0
                dataBANK0                            5B       5B        2       20       1
                bssBANK0                             49       49       12       20       1
                strings                               3        3       7D        6       0
                idataBANK0                           80       80        2      100       0

TOTAL           Name                               Link     Load   Length     Space
        CLASS   CODE           
                end_init                              0        0        3         0
                cinit                               7E7      7E7       19         0
                text21                               82       82       22         0
                text20                              F91      F91       1A         0
                text19                              F51      F51        D         0
                text18                              1E2      1E2       52         0
                text17                               A4       A4       37         0
                text16                              FD0      FD0       30         0
                text15                              291      291       65         0
                text14                              234      234       5D         0
                text13                              2F6      2F6       A2         0
                text12                              FAB      FAB       25         0
                text11                              F3D      F3D        4         0
                text10                              F5E      F5E        D         0
                text9                               F6B      F6B        D         0
                text8                               193      193       4F         0
                text7                               F41      F41        4         0
                text6                               F45      F45        4         0
                text5                               F78      F78       19         0
                text4                               14F      14F       44         0
                text3                                DB       DB       3A         0
                text2                               398      398       E8         0
                text1                               115      115       3A         0
                maintext                            480      480      367         0
                clrtext                             F49      F49        8         0
                idataBANK0                           80       80        2         0

        CLASS   STRCODE        

        CLASS   STRING         
                strings                               3        3       7D         0

        CLASS   CONST          

        CLASS   ENTRY          

        CLASS   COMMON         
                cstackCOMMON                         70       70        E         1

        CLASS   BANK0          
                cstackBANK0                          20       20       29         1
                dataBANK0                            5B       5B        2         1
                bssBANK0                             49       49       12         1

        CLASS   BANK1          

        CLASS   BANK2          

        CLASS   BANK3          

        CLASS   RAM            

        CLASS   ABS1           
                abs_s1                               7E       7E        2         1

        CLASS   SFR0           

        CLASS   SFR1           

        CLASS   SFR2           

        CLASS   SFR3           

        CLASS   CONFIG         
                config                             2007     2007        2         4

        CLASS   IDLOC          

        CLASS   EEDATA         

        CLASS   STACK          



SEGMENTS        Name                           Load    Length   Top    Selector   Space  Class     Delta

                reset_vec                      000000  000003  000003         0       0  CODE        2
                strings                        000003  00007D  000080         6       0  STRING      2
                cstackBANK0                    000020  00003D  00005D        20       1  BANK0       1
                cstackCOMMON                   000070  00000E  00007E        70       1  COMMON      1
                idataBANK0                     000080  000002  000082       100       0  CODE        2
                text21                         000082  000022  0000A4       104       0  CODE        2
                text17                         0000A4  000037  0000DB       148       0  CODE        2
                text3                          0000DB  00003A  000115       1B6       0  CODE        2
                text1                          000115  00003A  00014F       22A       0  CODE        2
                text4                          00014F  000044  000193       29E       0  CODE        2
                text8                          000193  00004F  0001E2       326       0  CODE        2
                text18                         0001E2  000052  000234       3C4       0  CODE        2
                text14                         000234  00005D  000291       468       0  CODE        2
                text15                         000291  000065  0002F6       522       0  CODE        2
                text13                         0002F6  0000A2  000398       5EC       0  CODE        2
                text2                          000398  0000E8  000480       730       0  CODE        2
                maintext                       000480  000367  0007E7       900       0  CODE        2
                cinit                          0007E7  000019  000800       FCE       0  CODE        2
                text11                         000F3D  000004  000F41      1E7A       0  CODE        2
                text7                          000F41  000004  000F45      1E82       0  CODE        2
                text6                          000F45  000004  000F49      1E8A       0  CODE        2
                clrtext                        000F49  000008  000F51      1E92       0  CODE        2
                text19                         000F51  00000D  000F5E      1EA2       0  CODE        2
                text10                         000F5E  00000D  000F6B      1EBC       0  CODE        2
                text9                          000F6B  00000D  000F78      1ED6       0  CODE        2
                text5                          000F78  000019  000F91      1EF0       0  CODE        2
                text20                         000F91  00001A  000FAB      1F22       0  CODE        2
                text12                         000FAB  000025  000FD0      1F56       0  CODE        2
                text16                         000FD0  000030  001000      1FA0       0  CODE        2


UNUSED ADDRESS RANGES

        Name                Unused          Largest block    Delta
        BANK0            005D-006F             13           1
        BANK1            00A0-00EF             50           1
        BANK2            0110-016F             60           1
        BANK3            0190-01EF             60           1
        CODE             0800-0F3C            73D           2
                         1000-1FFF            800
        CONST            0800-0F3C            100           2
                         1000-1FFF            100
        EEDATA           2100-21FF            100           2
        ENTRY            0800-0F3C            100           2
                         1000-1FFF            100
        IDLOC            2000-2003              4           2
        RAM              005D-006F             13           1
                         00A0-00EF             50
                         0110-016F             60
                         0190-01EF             60
        SFR0             0000-001F             20           1
        SFR1             0080-009F             20           1
        SFR2             0100-010F             10           1
        SFR3             0180-018F             10           1
        STRCODE          0800-0F3C            73D           2
                         1000-1FFF           1000
        STRING           0800-0F3C            100           2
                         1000-1FFF            100

                                  Symbol Table

?___lwdiv                  cstackCOMMON 0070
?___lwmod                  cstackCOMMON 0078
?___wmul                   cstackCOMMON 0070
?_sprintf                  cstackBANK0  0020
Alarma@a                   cstackBANK0  0020
Lcd_Cmd@a                  cstackCOMMON 0073
Lcd_Port@a                 cstackCOMMON 0070
Lcd_Set_Cursor@a           cstackCOMMON 0077
Lcd_Set_Cursor@b           cstackCOMMON 0074
Lcd_Set_Cursor@temp        cstackCOMMON 007A
Lcd_Set_Cursor@y           cstackCOMMON 0079
Lcd_Set_Cursor@z           cstackCOMMON 0078
Lcd_Write_Char@a           cstackCOMMON 0074
Lcd_Write_Char@temp        cstackCOMMON 0072
Lcd_Write_Char@y           cstackCOMMON 0073
Lcd_Write_String@a         cstackCOMMON 0075
Lcd_Write_String@i         cstackCOMMON 0077
_Alarma                    text15       0291
_Estado                    bssBANK0     004B
_Lcd_Clear                 text19       0F51
_Lcd_Cmd                   text20       0F91
_Lcd_Init                  text14       0234
_Lcd_Port                  text21       0082
_Lcd_Set_Cursor            text18       01E2
_Lcd_Shift_Left            text10       0F5E
_Lcd_Shift_Right           text9        0F6B
_Lcd_Write_Char            text17       00A4
_Lcd_Write_String          text16       0FD0
_Leer_tecla                text13       02F6
_PORTB                     (abs)        0006
_PORTC                     (abs)        0007
_PORTD                     (abs)        0008
_RB4                       (abs)        0034
_RB5                       (abs)        0035
_RB6                       (abs)        0036
_RC0                       (abs)        0038
_RC1                       (abs)        0039
_RC2                       (abs)        003A
_RD2                       (abs)        0042
_RD3                       (abs)        0043
_RD4                       (abs)        0044
_RD5                       (abs)        0045
_RD6                       (abs)        0046
_RD7                       (abs)        0047
_TRISB                     (abs)        0086
_TRISC                     (abs)        0087
_TRISD                     (abs)        0088
__Habs1                    abs1         0000
__Hbank0                   bank0        0000
__Hbank1                   bank1        0000
__Hbank2                   bank2        0000
__Hbank3                   bank3        0000
__HbssBANK0                bssBANK0     0000
__Hcinit                   cinit        0800
__Hclrtext                 clrtext      0000
__Hcode                    code         0000
__Hcommon                  common       0000
__Hconfig                  config       2009
__HcstackBANK0             cstackBANK0  0000
__HcstackCOMMON            cstackCOMMON 0000
__HdataBANK0               dataBANK0    0000
__Heeprom_data             eeprom_data  0000
__Hend_init                end_init     0003
__Hfunctab                 functab      0000
__HidataBANK0              idataBANK0   0000
__Hinit                    init         0000
__Hintentry                intentry     0000
__Hmaintext                maintext     0000
__Hpowerup                 powerup      0000
__Hram                     ram          0000
__Hreset_vec               reset_vec    0000
__Hsfr0                    sfr0         0000
__Hsfr1                    sfr1         0000
__Hsfr2                    sfr2         0000
__Hsfr3                    sfr3         0000
__Hspace_0                 (abs)        1000
__Hspace_1                 (abs)        007E
__Hspace_2                 (abs)        0000
__Hspace_3                 (abs)        0000
__Hspace_4                 (abs)        4010
__Hstack                   stack        0000
__Hstrings                 strings      0000
__Htext                    text         0000
__Labs1                    abs1         0000
__Lbank0                   bank0        0000
__Lbank1                   bank1        0000
__Lbank2                   bank2        0000
__Lbank3                   bank3        0000
__LbssBANK0                bssBANK0     0000
__Lcinit                   cinit        07E7
__Lclrtext                 clrtext      0000
__Lcode                    code         0000
__Lcommon                  common       0000
__Lconfig                  config       0000
__LcstackBANK0             cstackBANK0  0000
__LcstackCOMMON            cstackCOMMON 0000
__LdataBANK0               dataBANK0    0000
__Leeprom_data             eeprom_data  0000
__Lend_init                end_init     0000
__Lfunctab                 functab      0000
__LidataBANK0              idataBANK0   0000
__Linit                    init         0000
__Lintentry                intentry     0000
__Lmaintext                maintext     0000
__Lpowerup                 powerup      0000
__Lram                     ram          0000
__Lreset_vec               reset_vec    0000
__Lsfr0                    sfr0         0000
__Lsfr1                    sfr1         0000
__Lsfr2                    sfr2         0000
__Lsfr3                    sfr3         0000
__Lspace_0                 (abs)        0000
__Lspace_1                 (abs)        0000
__Lspace_2                 (abs)        0000
__Lspace_3                 (abs)        0000
__Lspace_4                 (abs)        0000
__Lstack                   stack        0000
__Lstrings                 strings      0000
__Ltext                    text         0000
__S0                       (abs)        1000
__S1                       (abs)        007E
__S3                       (abs)        0000
___int_sp                  stack        0000
___latbits                 (abs)        0002
___lwdiv                   text4        014F
___lwdiv@counter           cstackCOMMON 0077
___lwdiv@dividend          cstackCOMMON 0072
___lwdiv@divisor           cstackCOMMON 0070
___lwdiv@quotient          cstackCOMMON 0075
___lwmod                   text3        00DB
___lwmod@counter           cstackCOMMON 007D
___lwmod@dividend          cstackCOMMON 007A
___lwmod@divisor           cstackCOMMON 0078
___sp                      stack        0000
___stackhi                 (abs)        0000
___stacklo                 (abs)        0000
___wmul                    text12       0FAB
___wmul@multiplicand       cstackCOMMON 0072
___wmul@multiplier         cstackCOMMON 0070
___wmul@product            cstackCOMMON 0074
__end_of_Alarma            text15       02F6
__end_of_Lcd_Clear         text19       0F5E
__end_of_Lcd_Cmd           text20       0FAB
__end_of_Lcd_Init          text14       0291
__end_of_Lcd_Port          text21       00A4
__end_of_Lcd_Set_Cursor    text18       0234
__end_of_Lcd_Shift_Left    text10       0F6B
__end_of_Lcd_Shift_Right   text9        0F78
__end_of_Lcd_Write_Char    text17       00DB
__end_of_Lcd_Write_String  text16       1000
__end_of_Leer_tecla        text13       0398
__end_of___lwdiv           text4        0193
__end_of___lwmod           text3        0115
__end_of___wmul            text12       0FD0
__end_of__initialization   cinit        07FC
__end_of__stringtab        strings      0013
__end_of_apagar_led_rojo   text11       0F41
__end_of_dpowers           strings      001D
__end_of_main              maintext     07E7
__end_of_mover             text8        01E2
__end_of_prender_led_rojo  text7        0F45
__end_of_prender_led_verde text6        0F49
__end_of_pulsar_boton      text5        0F91
__end_of_sprintf           text2        0480
__end_of_ver_clave         text1        014F
__initialization           cinit        07E7
__pbssBANK0                bssBANK0     0049
__pcstackBANK0             cstackBANK0  0020
__pcstackCOMMON            cstackCOMMON 0070
__pdataBANK0               dataBANK0    005B
__pidataBANK0              idataBANK0   0080
__pmaintext                maintext     0480
__pstrings                 strings      0003
__ptext1                   text1        0115
__ptext10                  text10       0F5E
__ptext11                  text11       0F3D
__ptext12                  text12       0FAB
__ptext13                  text13       02F6
__ptext14                  text14       0234
__ptext15                  text15       0291
__ptext16                  text16       0FD0
__ptext17                  text17       00A4
__ptext18                  text18       01E2
__ptext19                  text19       0F51
__ptext2                   text2        0398
__ptext20                  text20       0F91
__ptext21                  text21       0082
__ptext3                   text3        00DB
__ptext4                   text4        014F
__ptext5                   text5        0F78
__ptext6                   text6        0F45
__ptext7                   text7        0F41
__ptext8                   text8        0193
__ptext9                   text9        0F6B
__stringbase               strings      0012
__stringtab                strings      0003
_apagar_led_rojo           text11       0F3D
_clave                     bssBANK0     004D
_dpowers                   strings      0013
_intentos                  bssBANK0     0057
_main                      maintext     0480
_mover                     text8        0193
_prender_led_rojo          text7        0F41
_prender_led_verde         text6        0F45
_pulsar_boton              text5        0F78
_sprintf                   text2        0398
_ver_clave                 text1        0115
_verifi                    bssBANK0     0055
_x                         bssBANK0     0049
_y1                        bssBANK0     0059
_y2                        bssBANK0     0053
_y3                        bssBANK0     0051
_y4                        bssBANK0     004F
btemp                      (abs)        007E
clear_ram0                 clrtext      0F49
end_of_initialization      cinit        07FC
intlevel0                  functab      0000
intlevel1                  functab      0000
intlevel2                  functab      0000
intlevel3                  functab      0000
intlevel4                  functab      0000
intlevel5                  functab      0000
main@buffer1               cstackBANK0  0033
main@tecla                 cstackBANK0  0047
mover@c                    cstackCOMMON 0077
mover@c_113                cstackCOMMON 0079
reset_vec                  reset_vec    0000
sprintf@ap                 cstackBANK0  0026
sprintf@c                  cstackBANK0  002C
sprintf@f                  cstackBANK0  0020
sprintf@flag               cstackBANK0  0027
sprintf@prec               cstackBANK0  0028
sprintf@sp                 cstackBANK0  002B
sprintf@val                cstackBANK0  0029
start                      init         0000
start_initialization       cinit        07E7
ver_clave@buffer1          cstackBANK0  0020
wtemp0                     (abs)        007E


MODULE INFORMATION

Module		Function		Class		Link	Load	Size
C:\Program Files\Microchip\xc8\v2.36\pic\sources\c90\common\doprnt.c
		_sprintf       		CODE           	0398	0000	232

C:\Program Files\Microchip\xc8\v2.36\pic\sources\c90\common\doprnt.c estimated size: 232

C:\Program Files\Microchip\xc8\v2.36\pic\sources\c90\common\lwmod.c
		___lwmod       		CODE           	00DB	0000	58

C:\Program Files\Microchip\xc8\v2.36\pic\sources\c90\common\lwmod.c estimated size: 58

teclado.c
		_Leer_tecla    		CODE           	02F6	0000	162

teclado.c estimated size: 162

C:\Program Files\Microchip\xc8\v2.36\pic\sources\c90\common\Umul16.c
		___wmul        		CODE           	0FAB	0000	37

C:\Program Files\Microchip\xc8\v2.36\pic\sources\c90\common\Umul16.c estimated size: 37

C:\Program Files\Microchip\xc8\v2.36\pic\sources\c90\common\lwdiv.c
		___lwdiv       		CODE           	014F	0000	68

C:\Program Files\Microchip\xc8\v2.36\pic\sources\c90\common\lwdiv.c estimated size: 68

shared
		__stringtab    		STRING         	0003	0000	16
		_dpowers       		STRING         	0013	0000	10
		__initialization		CODE           	07E7	0000	21

shared estimated size: 47

lcd.c
		_Lcd_Write_String		CODE           	0FD0	0000	48
		_Lcd_Shift_Left		CODE           	0F5E	0000	13
		_Lcd_Init      		CODE           	0234	0000	93
		_Lcd_Write_Char		CODE           	00A4	0000	55
		_Lcd_Cmd       		CODE           	0F91	0000	26
		_Lcd_Shift_Right		CODE           	0F6B	0000	13
		_Lcd_Set_Cursor		CODE           	01E2	0000	82
		_Lcd_Clear     		CODE           	0F51	0000	13
		_Lcd_Port      		CODE           	0082	0000	34

lcd.c estimated size: 377

main.c
		_prender_led_rojo		CODE           	0F41	0000	4
		_prender_led_verde		CODE           	0F45	0000	4
		_Alarma        		CODE           	0291	0000	101
		_main          		CODE           	0480	0000	871
		_apagar_led_rojo		CODE           	0F3D	0000	4
		_ver_clave     		CODE           	0115	0000	58
		_pulsar_boton  		CODE           	0F78	0000	25
		_mover         		CODE           	0193	0000	79

main.c estimated size: 1146

